[
  {
    "method": "H1_reward_0.5",
    "budget": "default",
    "language": "ALL",
    "split": "ALL",
    "n": 65,
    "valid": 65,
    "cues": 707,
    "fallback_count": 15,
    "feasible": 65,
    "f1_micro": 0.843609022556391,
    "f1_macro": 0.8438053791977604,
    "f1_macro_all": 0.8438053791977602,
    "safe_samples": 61,
    "protected_breaks": 3,
    "protected_total": 218,
    "overlong": 0,
    "short": 4,
    "punctuation_starts": 1,
    "latency_median_s": 1.5517110419968958,
    "input_tokens": 0,
    "output_tokens": 0
  },
  {
    "method": "H1_reward_1.0",
    "budget": "default",
    "language": "ALL",
    "split": "ALL",
    "n": 65,
    "valid": 65,
    "cues": 708,
    "fallback_count": 15,
    "feasible": 65,
    "f1_micro": 0.8444778362133734,
    "f1_macro": 0.8446711800635612,
    "f1_macro_all": 0.8446711800635611,
    "safe_samples": 61,
    "protected_breaks": 3,
    "protected_total": 218,
    "overlong": 0,
    "short": 4,
    "punctuation_starts": 1,
    "latency_median_s": 1.5517110419968958,
    "input_tokens": 0,
    "output_tokens": 0
  },
  {
    "method": "H1_reward_1.5",
    "budget": "default",
    "language": "ALL",
    "split": "ALL",
    "n": 65,
    "valid": 65,
    "cues": 708,
    "fallback_count": 15,
    "feasible": 65,
    "f1_micro": 0.8444778362133734,
    "f1_macro": 0.8446711800635612,
    "f1_macro_all": 0.8446711800635611,
    "safe_samples": 61,
    "protected_breaks": 3,
    "protected_total": 218,
    "overlong": 0,
    "short": 4,
    "punctuation_starts": 1,
    "latency_median_s": 1.5517110419968958,
    "input_tokens": 0,
    "output_tokens": 0
  },
  {
    "method": "H1_text_dp",
    "budget": "default",
    "language": "ALL",
    "split": "ALL",
    "n": 65,
    "valid": 65,
    "cues": 709,
    "fallback_count": 15,
    "feasible": 65,
    "f1_micro": 0.8438438438438438,
    "f1_macro": 0.8439385793309605,
    "f1_macro_all": 0.8439385793309605,
    "safe_samples": 61,
    "protected_breaks": 3,
    "protected_total": 218,
    "overlong": 0,
    "short": 5,
    "punctuation_starts": 1,
    "latency_median_s": 1.5517110419968958,
    "input_tokens": 0,
    "output_tokens": 0
  },
  {
    "method": "H2_ids_dp",
    "budget": "default",
    "language": "ALL",
    "split": "ALL",
    "n": 65,
    "valid": 65,
    "cues": 706,
    "fallback_count": 21,
    "feasible": 65,
    "f1_micro": 0.8141459744168548,
    "f1_macro": 0.8132495104243658,
    "f1_macro_all": 0.8132495104243657,
    "safe_samples": 60,
    "protected_breaks": 4,
    "protected_total": 218,
    "overlong": 0,
    "short": 11,
    "punctuation_starts": 1,
    "latency_median_s": 1.0588054589970852,
    "input_tokens": 0,
    "output_tokens": 0
  },
  {
    "method": "H2_ids_dp",
    "budget": "wide",
    "language": "ALL",
    "split": "ALL",
    "n": 65,
    "valid": 65,
    "cues": 595,
    "fallback_count": 19,
    "feasible": 65,
    "f1_micro": 0.7389162561576355,
    "f1_macro": 0.7364529682190202,
    "f1_macro_all": 0.7364529682190198,
    "safe_samples": 57,
    "protected_breaks": 8,
    "protected_total": 218,
    "overlong": 0,
    "short": 9,
    "punctuation_starts": 1,
    "latency_median_s": 1.042242208000971,
    "input_tokens": 0,
    "output_tokens": 0
  },
  {
    "method": "L0_app",
    "budget": "default",
    "language": "ALL",
    "split": "ALL",
    "n": 65,
    "valid": 64,
    "cues": 345,
    "fallback_count": 0,
    "feasible": 1,
    "f1_micro": 0.49320794148380354,
    "f1_macro": 0.4904937019089012,
    "f1_macro_all": 0.4829476449564564,
    "safe_samples": 1,
    "protected_breaks": 3,
    "protected_total": 214,
    "overlong": 291,
    "short": 2,
    "punctuation_starts": 0,
    "latency_median_s": 1.5567769589979434,
    "input_tokens": 19721,
    "output_tokens": 7334
  },
  {
    "method": "L0_length_repair",
    "budget": "default",
    "language": "ALL",
    "split": "ALL",
    "n": 65,
    "valid": 49,
    "cues": 524,
    "fallback_count": 0,
    "feasible": 49,
    "f1_micro": 0.602,
    "f1_macro": 0.6055277433072945,
    "f1_macro_all": 0.4564747603393452,
    "safe_samples": 34,
    "protected_breaks": 12,
    "protected_total": 166,
    "overlong": 0,
    "short": 3,
    "punctuation_starts": 6,
    "latency_median_s": 1.5567769589979434,
    "input_tokens": 0,
    "output_tokens": 0
  },
  {
    "method": "L1_semantic",
    "budget": "default",
    "language": "ALL",
    "split": "ALL",
    "n": 65,
    "valid": 50,
    "cues": 264,
    "fallback_count": 0,
    "feasible": 0,
    "f1_micro": 0.5407608695652174,
    "f1_macro": 0.5300833512892337,
    "f1_macro_all": 0.4077564240686412,
    "safe_samples": 0,
    "protected_breaks": 2,
    "protected_total": 160,
    "overlong": 213,
    "short": 5,
    "punctuation_starts": 1,
    "latency_median_s": 1.5517110419968958,
    "input_tokens": 28912,
    "output_tokens": 7200
  },
  {
    "method": "L2_ids",
    "budget": "default",
    "language": "ALL",
    "split": "ALL",
    "n": 65,
    "valid": 44,
    "cues": 84,
    "fallback_count": 0,
    "feasible": 0,
    "f1_micro": 0.056,
    "f1_macro": 0.04382284382284382,
    "f1_macro_all": 0.029664694280078896,
    "safe_samples": 0,
    "protected_breaks": 3,
    "protected_total": 146,
    "overlong": 64,
    "short": 12,
    "punctuation_starts": 0,
    "latency_median_s": 1.0588054589970852,
    "input_tokens": 94783,
    "output_tokens": 1094
  },
  {
    "method": "L2_ids",
    "budget": "wide",
    "language": "ALL",
    "split": "ALL",
    "n": 65,
    "valid": 46,
    "cues": 92,
    "fallback_count": 0,
    "feasible": 0,
    "f1_micro": 0.06500956022944551,
    "f1_macro": 0.05293664827417688,
    "f1_macro_all": 0.03746285877864825,
    "safe_samples": 0,
    "protected_breaks": 3,
    "protected_total": 157,
    "overlong": 63,
    "short": 13,
    "punctuation_starts": 0,
    "latency_median_s": 1.042242208000971,
    "input_tokens": 94783,
    "output_tokens": 1104
  },
  {
    "method": "LW_worker",
    "budget": "default",
    "language": "ALL",
    "split": "ALL",
    "n": 65,
    "valid": 65,
    "cues": 302,
    "fallback_count": 0,
    "feasible": 0,
    "f1_micro": 0.5124324324324324,
    "f1_macro": 0.500605307211642,
    "f1_macro_all": 0.5006053072116419,
    "safe_samples": 0,
    "protected_breaks": 0,
    "protected_total": 218,
    "overlong": 283,
    "short": 0,
    "punctuation_starts": 0,
    "latency_median_s": 1.6580019160028314,
    "input_tokens": 20301,
    "output_tokens": 8797
  },
  {
    "method": "R0_swift",
    "budget": "default",
    "language": "ALL",
    "split": "ALL",
    "n": 65,
    "valid": 49,
    "cues": 450,
    "fallback_count": 0,
    "feasible": 49,
    "f1_micro": 0.36461704422869473,
    "f1_macro": 0.36688984320089396,
    "f1_macro_all": 0.2765784971822124,
    "safe_samples": 27,
    "protected_breaks": 22,
    "protected_total": 167,
    "overlong": 0,
    "short": 1,
    "punctuation_starts": 5,
    "latency_median_s": 0.012612083,
    "input_tokens": 0,
    "output_tokens": 0
  },
  {
    "method": "R0_swift",
    "budget": "wide",
    "language": "ALL",
    "split": "ALL",
    "n": 65,
    "valid": 48,
    "cues": 336,
    "fallback_count": 0,
    "feasible": 48,
    "f1_micro": 0.32378580323785805,
    "f1_macro": 0.32878279235670876,
    "f1_macro_all": 0.2427934466634157,
    "safe_samples": 37,
    "protected_breaks": 11,
    "protected_total": 164,
    "overlong": 0,
    "short": 0,
    "punctuation_starts": 2,
    "latency_median_s": 0.009799584,
    "input_tokens": 0,
    "output_tokens": 0
  },
  {
    "method": "R1_dp",
    "budget": "default",
    "language": "ALL",
    "split": "ALL",
    "n": 65,
    "valid": 65,
    "cues": 702,
    "fallback_count": 0,
    "feasible": 65,
    "f1_micro": 0.8271698113207547,
    "f1_macro": 0.8260129368246207,
    "f1_macro_all": 0.8260129368246206,
    "safe_samples": 59,
    "protected_breaks": 5,
    "protected_total": 218,
    "overlong": 0,
    "short": 3,
    "punctuation_starts": 1,
    "latency_median_s": 0.0009066670027095824,
    "input_tokens": 0,
    "output_tokens": 0
  },
  {
    "method": "R1_dp",
    "budget": "wide",
    "language": "ALL",
    "split": "ALL",
    "n": 65,
    "valid": 65,
    "cues": 591,
    "fallback_count": 0,
    "feasible": 65,
    "f1_micro": 0.7611202635914333,
    "f1_macro": 0.7574711760174138,
    "f1_macro_all": 0.7574711760174134,
    "safe_samples": 58,
    "protected_breaks": 6,
    "protected_total": 218,
    "overlong": 0,
    "short": 1,
    "punctuation_starts": 1,
    "latency_median_s": 0.0013171669997973368,
    "input_tokens": 0,
    "output_tokens": 0
  },
  {
    "method": "R1_isolated",
    "budget": "default",
    "language": "ALL",
    "split": "ALL",
    "n": 65,
    "valid": 65,
    "cues": 706,
    "fallback_count": 0,
    "feasible": 65,
    "f1_micro": 0.7900677200902935,
    "f1_macro": 0.788693783594847,
    "f1_macro_all": 0.7886937835948468,
    "safe_samples": 56,
    "protected_breaks": 8,
    "protected_total": 218,
    "overlong": 0,
    "short": 9,
    "punctuation_starts": 2,
    "latency_median_s": null,
    "input_tokens": 0,
    "output_tokens": 0
  }
]
