{"done": 15, "total": 353, "id": "en-03", "method": "L1_semantic", "valid": true, "error": null}
{"done": 21, "total": 353, "id": "en-04", "method": "L2_ids", "valid": false, "error": "invalid_end_ids"}
{"done": 22, "total": 353, "id": "en-04", "method": "L2_ids", "valid": false, "error": "invalid_end_ids"}
{"done": 28, "total": 353, "id": "en-05", "method": "L2_ids", "valid": false, "error": "invalid_end_ids"}
{"done": 30, "total": 353, "id": "en-06", "method": "L0_app", "valid": true, "error": null}
{"done": 45, "total": 353, "id": "en-09", "method": "LW_worker", "valid": true, "error": null}
{"done": 59, "total": 353, "id": "en-11", "method": "L2_ids", "valid": false, "error": "invalid_end_ids"}
{"done": 60, "total": 353, "id": "en-12", "method": "L0_app", "valid": true, "error": null}
{"done": 69, "total": 353, "id": "en-13", "method": "L2_ids", "valid": false, "error": "invalid_end_ids"}
{"done": 75, "total": 353, "id": "en-15", "method": "L0_app", "valid": true, "error": null}
{"done": 76, "total": 353, "id": "en-15", "method": "L1_semantic", "valid": false, "error": null}
{"done": 83, "total": 353, "id": "en-16", "method": "L2_ids", "valid": false, "error": "invalid_end_ids"}
{"done": 87, "total": 353, "id": "en-17", "method": "L2_ids", "valid": false, "error": "invalid_end_ids"}
{"done": 90, "total": 353, "id": "en-18", "method": "L0_app", "valid": true, "error": null}
{"done": 96, "total": 353, "id": "en-19", "method": "L1_semantic", "valid": false, "error": null}
{"done": 97, "total": 353, "id": "en-19", "method": "L2_ids", "valid": false, "error": "invalid_end_ids"}
{"done": 105, "total": 353, "id": "zh-Hans-01", "method": "L0_app", "valid": true, "error": null}
{"done": 106, "total": 353, "id": "zh-Hans-01", "method": "L1_semantic", "valid": false, "error": null}
{"done": 120, "total": 353, "id": "zh-Hans-03", "method": "L2_ids", "valid": true, "error": null}
{"done": 125, "total": 353, "id": "zh-Hans-04", "method": "L2_ids", "valid": false, "error": "invalid_end_ids"}
{"done": 126, "total": 353, "id": "zh-Hans-04", "method": "L2_ids", "valid": false, "error": "invalid_end_ids"}
{"done": 129, "total": 353, "id": "zh-Hans-05", "method": "L2_ids", "valid": false, "error": "invalid_end_ids"}
{"done": 130, "total": 353, "id": "zh-Hans-05", "method": "L2_ids", "valid": false, "error": "invalid_end_ids"}
{"done": 131, "total": 353, "id": "zh-Hans-05", "method": "L1_semantic", "valid": false, "error": null}
{"done": 132, "total": 353, "id": "zh-Hans-05", "method": "L2_ids", "valid": false, "error": "invalid_end_ids"}
{"done": 133, "total": 353, "id": "zh-Hans-05", "method": "L1_semantic", "valid": false, "error": null}
{"done": 135, "total": 353, "id": "zh-Hans-06", "method": "L1_semantic", "valid": false, "error": null}
{"done": 136, "total": 353, "id": "zh-Hans-06", "method": "L2_ids", "valid": false, "error": "invalid_end_ids"}
{"done": 141, "total": 353, "id": "zh-Hans-07", "method": "L1_semantic", "valid": false, "error": null}
{"done": 148, "total": 353, "id": "zh-Hans-08", "method": "L2_ids", "valid": false, "error": "invalid_end_ids"}
{"done": 150, "total": 353, "id": "zh-Hans-09", "method": "LW_worker", "valid": true, "error": null}
{"done": 157, "total": 353, "id": "zh-Hans-10", "method": "L2_ids", "valid": false, "error": "invalid_end_ids"}
{"done": 158, "total": 353, "id": "zh-Hans-10", "method": "L2_ids", "valid": false, "error": "invalid_end_ids"}
{"done": 160, "total": 353, "id": "zh-Hans-11", "method": "L1_semantic", "valid": false, "error": null}
{"done": 165, "total": 353, "id": "zh-Hans-12", "method": "L1_semantic", "valid": false, "error": null}
{"done": 172, "total": 353, "id": "zh-Hans-13", "method": "L2_ids", "valid": false, "error": "invalid_end_ids"}
{"done": 173, "total": 353, "id": "zh-Hans-13", "method": "L2_ids", "valid": false, "error": "invalid_end_ids"}
{"done": 177, "total": 353, "id": "zh-Hans-14", "method": "L2_ids", "valid": false, "error": "invalid_end_ids"}
{"done": 178, "total": 353, "id": "zh-Hans-14", "method": "L2_ids", "valid": false, "error": "invalid_end_ids"}
{"done": 180, "total": 353, "id": "zh-Hans-15", "method": "LW_worker", "valid": true, "error": null}
{"done": 182, "total": 353, "id": "zh-Hans-15", "method": "L2_ids", "valid": false, "error": "invalid_end_ids"}
{"done": 183, "total": 353, "id": "zh-Hans-15", "method": "L2_ids", "valid": false, "error": "invalid_end_ids"}
{"done": 185, "total": 353, "id": "zh-Hans-16", "method": "L1_semantic", "valid": false, "error": null}
{"done": 187, "total": 353, "id": "zh-Hans-16", "method": "L2_ids", "valid": false, "error": "invalid_end_ids"}
{"done": 188, "total": 353, "id": "zh-Hans-16", "method": "L2_ids", "valid": false, "error": "invalid_end_ids"}
{"done": 190, "total": 353, "id": "zh-Hans-17", "method": "L2_ids", "valid": false, "error": "invalid_end_ids"}
{"done": 193, "total": 353, "id": "zh-Hans-17", "method": "L2_ids", "valid": false, "error": "invalid_end_ids"}
{"done": 195, "total": 353, "id": "zh-Hans-18", "method": "L0_app", "valid": false, "error": null}
{"done": 198, "total": 353, "id": "zh-Hans-18", "method": "L2_ids", "valid": false, "error": "invalid_end_ids"}
{"done": 201, "total": 353, "id": "zh-Hans-19", "method": "L1_semantic", "valid": false, "error": null}
{"done": 208, "total": 353, "id": "zh-Hans-20", "method": "L2_ids", "valid": false, "error": "invalid_end_ids"}
{"done": 210, "total": 353, "id": "ja-01", "method": "L1_semantic", "valid": true, "error": null}
{"done": 212, "total": 353, "id": "ja-01", "method": "L2_ids", "valid": false, "error": "invalid_end_ids"}
{"done": 224, "total": 353, "id": "ja-03", "method": "L2_ids", "valid": false, "error": "invalid_end_ids"}
{"done": 225, "total": 353, "id": "ja-03", "method": "L2_ids", "valid": false, "error": "invalid_end_ids"}
{"done": 229, "total": 353, "id": "ja-04", "method": "L2_ids", "valid": false, "error": "invalid_end_ids"}
{"done": 232, "total": 353, "id": "ja-05", "method": "L1_semantic", "valid": false, "error": null}
{"done": 236, "total": 353, "id": "ja-05", "method": "L1_semantic", "valid": false, "error": null}
{"done": 240, "total": 353, "id": "de-01", "method": "LW_worker", "valid": true, "error": null}
{"done": 249, "total": 353, "id": "de-02", "method": "L2_ids", "valid": false, "error": "invalid_end_ids"}
{"done": 255, "total": 353, "id": "de-04", "method": "L1_semantic", "valid": false, "error": null}
{"done": 263, "total": 353, "id": "de-05", "method": "L2_ids", "valid": false, "error": "invalid_end_ids"}
{"done": 265, "total": 353, "id": "de-05", "method": "L1_semantic", "valid": false, "error": null}
{"done": 270, "total": 353, "id": "fr-01", "method": "L2_ids", "valid": true, "error": null}
{"done": 285, "total": 353, "id": "fr-04", "method": "LW_worker", "valid": true, "error": null}
{"done": 286, "total": 353, "id": "fr-04", "method": "L1_semantic", "valid": false, "error": null}
{"done": 287, "total": 353, "id": "fr-04", "method": "L2_ids", "valid": false, "error": "invalid_end_ids"}
{"done": 298, "total": 353, "id": "es-01", "method": "L2_ids", "valid": false, "error": "invalid_end_ids"}
{"done": 300, "total": 353, "id": "es-01", "method": "L2_ids", "valid": false, "error": "invalid_end_ids"}
{"done": 301, "total": 353, "id": "es-01", "method": "L2_ids", "valid": false, "error": "invalid_end_ids"}
{"done": 312, "total": 353, "id": "es-03", "method": "L1_semantic", "valid": false, "error": null}
{"done": 315, "total": 353, "id": "es-04", "method": "L1_semantic", "valid": true, "error": null}
{"done": 321, "total": 353, "id": "es-05", "method": "L2_ids", "valid": false, "error": "invalid_end_ids"}
{"done": 322, "total": 353, "id": "es-05", "method": "L2_ids", "valid": false, "error": "invalid_end_ids"}
{"done": 323, "total": 353, "id": "es-05", "method": "L2_ids", "valid": false, "error": "invalid_end_ids"}
{"done": 324, "total": 353, "id": "es-05", "method": "L1_semantic", "valid": false, "error": null}
{"done": 330, "total": 353, "id": "pt-BR-01", "method": "L2_ids", "valid": true, "error": null}
{"done": 336, "total": 353, "id": "pt-BR-02", "method": "L2_ids", "valid": false, "error": "invalid_end_ids"}
{"done": 341, "total": 353, "id": "pt-BR-03", "method": "L2_ids", "valid": false, "error": "invalid_end_ids"}
{"done": 345, "total": 353, "id": "pt-BR-04", "method": "L1_semantic", "valid": true, "error": null}
{"done": 349, "total": 353, "id": "pt-BR-05", "method": "L1_semantic", "valid": false, "error": null}
{"done": 353, "total": 353, "id": "pt-BR-05", "method": "L1_semantic", "valid": false, "error": null}
{"finished": 353, "wall_s": 168.7072764169934}
