[
  {
    "method": "H1_reward_0.5",
    "budget": "default",
    "language": "ALL",
    "split": "ALL",
    "n": 65,
    "valid": 65,
    "cues": 707,
    "fallback_count": 41,
    "feasible": 65,
    "f1_micro": 0.8466165413533835,
    "f1_macro": 0.8466802887963205,
    "f1_macro_all": 0.8466802887963205,
    "safe_samples": 61,
    "protected_breaks": 3,
    "protected_total": 218,
    "overlong": 0,
    "short": 6,
    "punctuation_starts": 1,
    "latency_median_s": 10.854561792002642,
    "input_tokens": 0,
    "output_tokens": 0
  },
  {
    "method": "H1_reward_1.0",
    "budget": "default",
    "language": "ALL",
    "split": "ALL",
    "n": 65,
    "valid": 65,
    "cues": 709,
    "fallback_count": 41,
    "feasible": 65,
    "f1_micro": 0.8408408408408409,
    "f1_macro": 0.841184449029381,
    "f1_macro_all": 0.8411844490293809,
    "safe_samples": 61,
    "protected_breaks": 3,
    "protected_total": 218,
    "overlong": 0,
    "short": 8,
    "punctuation_starts": 1,
    "latency_median_s": 10.854561792002642,
    "input_tokens": 0,
    "output_tokens": 0
  },
  {
    "method": "H1_reward_1.5",
    "budget": "default",
    "language": "ALL",
    "split": "ALL",
    "n": 65,
    "valid": 65,
    "cues": 709,
    "fallback_count": 41,
    "feasible": 65,
    "f1_micro": 0.8363363363363363,
    "f1_macro": 0.836838769133829,
    "f1_macro_all": 0.8368387691338289,
    "safe_samples": 62,
    "protected_breaks": 3,
    "protected_total": 218,
    "overlong": 0,
    "short": 9,
    "punctuation_starts": 0,
    "latency_median_s": 10.854561792002642,
    "input_tokens": 0,
    "output_tokens": 0
  },
  {
    "method": "H1_text_dp",
    "budget": "default",
    "language": "ALL",
    "split": "ALL",
    "n": 65,
    "valid": 65,
    "cues": 711,
    "fallback_count": 41,
    "feasible": 65,
    "f1_micro": 0.8320839580209896,
    "f1_macro": 0.8330686262332514,
    "f1_macro_all": 0.8330686262332513,
    "safe_samples": 62,
    "protected_breaks": 3,
    "protected_total": 218,
    "overlong": 0,
    "short": 10,
    "punctuation_starts": 0,
    "latency_median_s": 10.854561792002642,
    "input_tokens": 0,
    "output_tokens": 0
  },
  {
    "method": "L1_semantic",
    "budget": "default",
    "language": "ALL",
    "split": "ALL",
    "n": 65,
    "valid": 24,
    "cues": 239,
    "fallback_count": 0,
    "feasible": 15,
    "f1_micro": 0.756043956043956,
    "f1_macro": 0.754510307763185,
    "f1_macro_all": 0.2785884213279452,
    "safe_samples": 15,
    "protected_breaks": 2,
    "protected_total": 76,
    "overlong": 26,
    "short": 8,
    "punctuation_starts": 1,
    "latency_median_s": 10.854561792002642,
    "input_tokens": 28912,
    "output_tokens": 124467
  },
  {
    "method": "R0_swift",
    "budget": "default",
    "language": "ALL",
    "split": "ALL",
    "n": 65,
    "valid": 49,
    "cues": 450,
    "fallback_count": 0,
    "feasible": 49,
    "f1_micro": 0.36461704422869473,
    "f1_macro": 0.36688984320089396,
    "f1_macro_all": 0.2765784971822124,
    "safe_samples": 27,
    "protected_breaks": 22,
    "protected_total": 167,
    "overlong": 0,
    "short": 1,
    "punctuation_starts": 5,
    "latency_median_s": 0.012612083,
    "input_tokens": 0,
    "output_tokens": 0
  },
  {
    "method": "R0_swift",
    "budget": "wide",
    "language": "ALL",
    "split": "ALL",
    "n": 65,
    "valid": 48,
    "cues": 336,
    "fallback_count": 0,
    "feasible": 48,
    "f1_micro": 0.32378580323785805,
    "f1_macro": 0.32878279235670876,
    "f1_macro_all": 0.2427934466634157,
    "safe_samples": 37,
    "protected_breaks": 11,
    "protected_total": 164,
    "overlong": 0,
    "short": 0,
    "punctuation_starts": 2,
    "latency_median_s": 0.009799584,
    "input_tokens": 0,
    "output_tokens": 0
  },
  {
    "method": "R1_dp",
    "budget": "default",
    "language": "ALL",
    "split": "ALL",
    "n": 65,
    "valid": 65,
    "cues": 702,
    "fallback_count": 0,
    "feasible": 65,
    "f1_micro": 0.8271698113207547,
    "f1_macro": 0.8260129368246207,
    "f1_macro_all": 0.8260129368246206,
    "safe_samples": 59,
    "protected_breaks": 5,
    "protected_total": 218,
    "overlong": 0,
    "short": 3,
    "punctuation_starts": 1,
    "latency_median_s": 0.0008710420006536879,
    "input_tokens": 0,
    "output_tokens": 0
  },
  {
    "method": "R1_dp",
    "budget": "wide",
    "language": "ALL",
    "split": "ALL",
    "n": 65,
    "valid": 65,
    "cues": 591,
    "fallback_count": 0,
    "feasible": 65,
    "f1_micro": 0.7611202635914333,
    "f1_macro": 0.7574711760174138,
    "f1_macro_all": 0.7574711760174134,
    "safe_samples": 58,
    "protected_breaks": 6,
    "protected_total": 218,
    "overlong": 0,
    "short": 1,
    "punctuation_starts": 1,
    "latency_median_s": 0.0013180829992052168,
    "input_tokens": 0,
    "output_tokens": 0
  },
  {
    "method": "R1_isolated",
    "budget": "default",
    "language": "ALL",
    "split": "ALL",
    "n": 65,
    "valid": 65,
    "cues": 706,
    "fallback_count": 0,
    "feasible": 65,
    "f1_micro": 0.7900677200902935,
    "f1_macro": 0.788693783594847,
    "f1_macro_all": 0.7886937835948468,
    "safe_samples": 56,
    "protected_breaks": 8,
    "protected_total": 218,
    "overlong": 0,
    "short": 9,
    "punctuation_starts": 2,
    "latency_median_s": null,
    "input_tokens": 0,
    "output_tokens": 0
  }
]
