{"done": 2, "total": 79, "id": "en-01", "method": "L1_semantic", "valid": false, "error": null}
{"done": 9, "total": 79, "id": "en-07", "method": "L1_semantic", "valid": false, "error": null}
{"done": 12, "total": 79, "id": "en-10", "method": "L1_semantic", "valid": false, "error": null}
{"done": 13, "total": 79, "id": "en-11", "method": "L1_semantic", "valid": false, "error": null}
{"done": 15, "total": 79, "id": "en-12", "method": "L1_semantic", "valid": false, "error": null}
{"done": 16, "total": 79, "id": "en-15", "method": "L1_semantic", "valid": false, "error": null}
{"done": 17, "total": 79, "id": "en-16", "method": "L1_semantic", "valid": false, "error": null}
{"done": 18, "total": 79, "id": "en-14", "method": "L1_semantic", "valid": false, "error": null}
{"done": 21, "total": 79, "id": "en-18", "method": "L1_semantic", "valid": false, "error": null}
{"done": 23, "total": 79, "id": "zh-Hans-01", "method": "L1_semantic", "valid": false, "error": null}
{"done": 24, "total": 79, "id": "zh-Hans-02", "method": "L1_semantic", "valid": false, "error": null}
{"done": 25, "total": 79, "id": "zh-Hans-01", "method": "L1_semantic", "valid": false, "error": null}
{"done": 26, "total": 79, "id": "zh-Hans-03", "method": "L1_semantic", "valid": false, "error": null}
{"done": 27, "total": 79, "id": "zh-Hans-04", "method": "L1_semantic", "valid": false, "error": null}
{"done": 28, "total": 79, "id": "zh-Hans-05", "method": "L1_semantic", "valid": false, "error": null}
{"done": 29, "total": 79, "id": "zh-Hans-05", "method": "L1_semantic", "valid": false, "error": null}
{"done": 30, "total": 79, "id": "zh-Hans-06", "method": "L1_semantic", "valid": false, "error": null}
{"done": 31, "total": 79, "id": "zh-Hans-08", "method": "L1_semantic", "valid": false, "error": null}
{"done": 32, "total": 79, "id": "zh-Hans-10", "method": "L1_semantic", "valid": false, "error": null}
{"done": 33, "total": 79, "id": "zh-Hans-07", "method": "L1_semantic", "valid": false, "error": null}
{"done": 34, "total": 79, "id": "zh-Hans-09", "method": "L1_semantic", "valid": false, "error": null}
{"done": 35, "total": 79, "id": "zh-Hans-12", "method": "L1_semantic", "valid": false, "error": null}
{"done": 36, "total": 79, "id": "zh-Hans-11", "method": "L1_semantic", "valid": false, "error": null}
{"done": 37, "total": 79, "id": "zh-Hans-13", "method": "L1_semantic", "valid": false, "error": null}
{"done": 39, "total": 79, "id": "zh-Hans-16", "method": "L1_semantic", "valid": false, "error": null}
{"done": 40, "total": 79, "id": "zh-Hans-15", "method": "L1_semantic", "valid": false, "error": null}
{"done": 41, "total": 79, "id": "zh-Hans-18", "method": "L1_semantic", "valid": false, "error": null}
{"done": 42, "total": 79, "id": "zh-Hans-17", "method": "L1_semantic", "valid": false, "error": null}
{"done": 45, "total": 79, "id": "ja-01", "method": "L1_semantic", "valid": false, "error": null}
{"done": 46, "total": 79, "id": "zh-Hans-20", "method": "L1_semantic", "valid": false, "error": null}
{"done": 48, "total": 79, "id": "ja-04", "method": "L1_semantic", "valid": false, "error": null}
{"done": 49, "total": 79, "id": "ja-03", "method": "L1_semantic", "valid": false, "error": null}
{"done": 50, "total": 79, "id": "ja-05", "method": "L1_semantic", "valid": false, "error": null}
{"done": 51, "total": 79, "id": "ja-05", "method": "L1_semantic", "valid": false, "error": null}
{"done": 52, "total": 79, "id": "de-02", "method": "L1_semantic", "valid": false, "error": null}
{"done": 53, "total": 79, "id": "de-01", "method": "L1_semantic", "valid": false, "error": null}
{"done": 55, "total": 79, "id": "de-03", "method": "L1_semantic", "valid": false, "error": null}
{"done": 57, "total": 79, "id": "de-05", "method": "L1_semantic", "valid": false, "error": null}
{"done": 58, "total": 79, "id": "de-05", "method": "L1_semantic", "valid": false, "error": null}
{"done": 59, "total": 79, "id": "fr-01", "method": "L1_semantic", "valid": false, "error": null}
{"done": 60, "total": 79, "id": "fr-02", "method": "L1_semantic", "valid": true, "error": null}
{"done": 64, "total": 79, "id": "fr-03", "method": "L1_semantic", "valid": false, "error": null}
{"done": 66, "total": 79, "id": "es-01", "method": "L1_semantic", "valid": false, "error": null}
{"done": 70, "total": 79, "id": "es-04", "method": "L1_semantic", "valid": false, "error": null}
{"done": 71, "total": 79, "id": "es-05", "method": "L1_semantic", "valid": false, "error": null}
{"done": 72, "total": 79, "id": "es-05", "method": "L1_semantic", "valid": false, "error": null}
{"done": 73, "total": 79, "id": "pt-BR-01", "method": "L1_semantic", "valid": false, "error": null}
{"done": 74, "total": 79, "id": "pt-BR-01", "method": "L1_semantic", "valid": false, "error": null}
{"done": 75, "total": 79, "id": "pt-BR-02", "method": "L1_semantic", "valid": true, "error": null}
{"done": 76, "total": 79, "id": "pt-BR-03", "method": "L1_semantic", "valid": false, "error": null}
{"done": 77, "total": 79, "id": "pt-BR-05", "method": "L1_semantic", "valid": false, "error": null}
{"done": 79, "total": 79, "id": "pt-BR-05", "method": "L1_semantic", "valid": false, "error": null}
{"finished": 79, "wall_s": 290.6436372080061}
