[
  {
    "method": "H1_reward_0.5",
    "budget": "default",
    "language": "ALL",
    "split": "ALL",
    "n": 65,
    "valid": 65,
    "cues": 723,
    "fallback_count": 1,
    "feasible": 65,
    "f1_micro": 0.9465081723625557,
    "f1_macro": 0.9469869981352012,
    "f1_macro_all": 0.9469869981352009,
    "safe_samples": 64,
    "protected_breaks": 0,
    "protected_total": 218,
    "overlong": 0,
    "short": 8,
    "punctuation_starts": 1,
    "latency_median_s": 1.2058780000006664,
    "input_tokens": 0,
    "output_tokens": 0
  },
  {
    "method": "H1_reward_1.0",
    "budget": "default",
    "language": "ALL",
    "split": "ALL",
    "n": 65,
    "valid": 65,
    "cues": 737,
    "fallback_count": 1,
    "feasible": 65,
    "f1_micro": 0.9558823529411765,
    "f1_macro": 0.9568301377508539,
    "f1_macro_all": 0.9568301377508537,
    "safe_samples": 64,
    "protected_breaks": 0,
    "protected_total": 218,
    "overlong": 0,
    "short": 12,
    "punctuation_starts": 1,
    "latency_median_s": 1.2058780000006664,
    "input_tokens": 0,
    "output_tokens": 0
  },
  {
    "method": "H1_reward_1.5",
    "budget": "default",
    "language": "ALL",
    "split": "ALL",
    "n": 65,
    "valid": 65,
    "cues": 741,
    "fallback_count": 1,
    "feasible": 65,
    "f1_micro": 0.9560117302052786,
    "f1_macro": 0.9572703641910802,
    "f1_macro_all": 0.9572703641910801,
    "safe_samples": 65,
    "protected_breaks": 0,
    "protected_total": 218,
    "overlong": 0,
    "short": 17,
    "punctuation_starts": 0,
    "latency_median_s": 1.2058780000006664,
    "input_tokens": 0,
    "output_tokens": 0
  },
  {
    "method": "H1_text_dp",
    "budget": "default",
    "language": "ALL",
    "split": "ALL",
    "n": 65,
    "valid": 65,
    "cues": 836,
    "fallback_count": 1,
    "feasible": 65,
    "f1_micro": 0.9156956819739548,
    "f1_macro": 0.9263457420684948,
    "f1_macro_all": 0.9263457420684948,
    "safe_samples": 65,
    "protected_breaks": 0,
    "protected_total": 218,
    "overlong": 0,
    "short": 124,
    "punctuation_starts": 0,
    "latency_median_s": 1.2058780000006664,
    "input_tokens": 0,
    "output_tokens": 0
  },
  {
    "method": "H2_ids_dp",
    "budget": "default",
    "language": "ALL",
    "split": "ALL",
    "n": 65,
    "valid": 65,
    "cues": 739,
    "fallback_count": 0,
    "feasible": 65,
    "f1_micro": 0.8869309838472834,
    "f1_macro": 0.8857745388552931,
    "f1_macro_all": 0.8857745388552928,
    "safe_samples": 63,
    "protected_breaks": 2,
    "protected_total": 218,
    "overlong": 0,
    "short": 14,
    "punctuation_starts": 0,
    "latency_median_s": 1.0321377079962986,
    "input_tokens": 0,
    "output_tokens": 0
  },
  {
    "method": "H2_ids_dp",
    "budget": "wide",
    "language": "ALL",
    "split": "ALL",
    "n": 65,
    "valid": 65,
    "cues": 669,
    "fallback_count": 0,
    "feasible": 65,
    "f1_micro": 0.868421052631579,
    "f1_macro": 0.8640043178729409,
    "f1_macro_all": 0.8640043178729404,
    "safe_samples": 65,
    "protected_breaks": 0,
    "protected_total": 218,
    "overlong": 0,
    "short": 9,
    "punctuation_starts": 0,
    "latency_median_s": 1.0272117090062238,
    "input_tokens": 0,
    "output_tokens": 0
  },
  {
    "method": "L0_app",
    "budget": "default",
    "language": "ALL",
    "split": "ALL",
    "n": 65,
    "valid": 65,
    "cues": 852,
    "fallback_count": 0,
    "feasible": 65,
    "f1_micro": 0.6833898305084746,
    "f1_macro": 0.6954359761496204,
    "f1_macro_all": 0.6954359761496205,
    "safe_samples": 47,
    "protected_breaks": 19,
    "protected_total": 218,
    "overlong": 0,
    "short": 120,
    "punctuation_starts": 7,
    "latency_median_s": 1.201455333000922,
    "input_tokens": 20136,
    "output_tokens": 8227
  },
  {
    "method": "L0_length_repair",
    "budget": "default",
    "language": "ALL",
    "split": "ALL",
    "n": 65,
    "valid": 65,
    "cues": 852,
    "fallback_count": 0,
    "feasible": 65,
    "f1_micro": 0.6833898305084746,
    "f1_macro": 0.6954359761496204,
    "f1_macro_all": 0.6954359761496205,
    "safe_samples": 47,
    "protected_breaks": 19,
    "protected_total": 218,
    "overlong": 0,
    "short": 120,
    "punctuation_starts": 7,
    "latency_median_s": 1.201455333000922,
    "input_tokens": 0,
    "output_tokens": 0
  },
  {
    "method": "L1_semantic",
    "budget": "default",
    "language": "ALL",
    "split": "ALL",
    "n": 65,
    "valid": 64,
    "cues": 855,
    "fallback_count": 0,
    "feasible": 64,
    "f1_micro": 0.8978201634877384,
    "f1_macro": 0.9160665983386735,
    "f1_macro_all": 0.90197326605654,
    "safe_samples": 64,
    "protected_breaks": 0,
    "protected_total": 214,
    "overlong": 0,
    "short": 180,
    "punctuation_starts": 0,
    "latency_median_s": 1.2058780000006664,
    "input_tokens": 27932,
    "output_tokens": 8597
  },
  {
    "method": "L2_ids",
    "budget": "default",
    "language": "ALL",
    "split": "ALL",
    "n": 65,
    "valid": 65,
    "cues": 562,
    "fallback_count": 0,
    "feasible": 11,
    "f1_micro": 0.8185654008438819,
    "f1_macro": 0.7996001372295003,
    "f1_macro_all": 0.7996001372295005,
    "safe_samples": 11,
    "protected_breaks": 0,
    "protected_total": 218,
    "overlong": 172,
    "short": 9,
    "punctuation_starts": 0,
    "latency_median_s": 1.0321377079962986,
    "input_tokens": 97160,
    "output_tokens": 2393
  },
  {
    "method": "L2_ids",
    "budget": "wide",
    "language": "ALL",
    "split": "ALL",
    "n": 65,
    "valid": 65,
    "cues": 551,
    "fallback_count": 0,
    "feasible": 26,
    "f1_micro": 0.8109028960817717,
    "f1_macro": 0.7902866937570748,
    "f1_macro_all": 0.7902866937570748,
    "safe_samples": 26,
    "protected_breaks": 0,
    "protected_total": 218,
    "overlong": 113,
    "short": 7,
    "punctuation_starts": 0,
    "latency_median_s": 1.0272117090062238,
    "input_tokens": 97160,
    "output_tokens": 2354
  },
  {
    "method": "LW_worker",
    "budget": "default",
    "language": "ALL",
    "split": "ALL",
    "n": 65,
    "valid": 61,
    "cues": 721,
    "fallback_count": 0,
    "feasible": 54,
    "f1_micro": 0.901689708141321,
    "f1_macro": 0.9014801886177135,
    "f1_macro_all": 0.8460044847027773,
    "safe_samples": 51,
    "protected_breaks": 5,
    "protected_total": 204,
    "overlong": 23,
    "short": 68,
    "punctuation_starts": 0,
    "latency_median_s": 1.2613098750007339,
    "input_tokens": 19136,
    "output_tokens": 9676
  },
  {
    "method": "R0_swift",
    "budget": "default",
    "language": "ALL",
    "split": "ALL",
    "n": 65,
    "valid": 49,
    "cues": 450,
    "fallback_count": 0,
    "feasible": 49,
    "f1_micro": 0.36461704422869473,
    "f1_macro": 0.36688984320089396,
    "f1_macro_all": 0.2765784971822124,
    "safe_samples": 27,
    "protected_breaks": 22,
    "protected_total": 167,
    "overlong": 0,
    "short": 1,
    "punctuation_starts": 5,
    "latency_median_s": 0.012612083,
    "input_tokens": 0,
    "output_tokens": 0
  },
  {
    "method": "R0_swift",
    "budget": "wide",
    "language": "ALL",
    "split": "ALL",
    "n": 65,
    "valid": 48,
    "cues": 336,
    "fallback_count": 0,
    "feasible": 48,
    "f1_micro": 0.32378580323785805,
    "f1_macro": 0.32878279235670876,
    "f1_macro_all": 0.2427934466634157,
    "safe_samples": 37,
    "protected_breaks": 11,
    "protected_total": 164,
    "overlong": 0,
    "short": 0,
    "punctuation_starts": 2,
    "latency_median_s": 0.009799584,
    "input_tokens": 0,
    "output_tokens": 0
  },
  {
    "method": "R1_dp",
    "budget": "default",
    "language": "ALL",
    "split": "ALL",
    "n": 65,
    "valid": 65,
    "cues": 702,
    "fallback_count": 0,
    "feasible": 65,
    "f1_micro": 0.8271698113207547,
    "f1_macro": 0.8260129368246207,
    "f1_macro_all": 0.8260129368246206,
    "safe_samples": 59,
    "protected_breaks": 5,
    "protected_total": 218,
    "overlong": 0,
    "short": 3,
    "punctuation_starts": 1,
    "latency_median_s": 0.0009002079968922772,
    "input_tokens": 0,
    "output_tokens": 0
  },
  {
    "method": "R1_dp",
    "budget": "wide",
    "language": "ALL",
    "split": "ALL",
    "n": 65,
    "valid": 65,
    "cues": 591,
    "fallback_count": 0,
    "feasible": 65,
    "f1_micro": 0.7611202635914333,
    "f1_macro": 0.7574711760174138,
    "f1_macro_all": 0.7574711760174134,
    "safe_samples": 58,
    "protected_breaks": 6,
    "protected_total": 218,
    "overlong": 0,
    "short": 1,
    "punctuation_starts": 1,
    "latency_median_s": 0.0012745420026476495,
    "input_tokens": 0,
    "output_tokens": 0
  },
  {
    "method": "R1_isolated",
    "budget": "default",
    "language": "ALL",
    "split": "ALL",
    "n": 65,
    "valid": 65,
    "cues": 706,
    "fallback_count": 0,
    "feasible": 65,
    "f1_micro": 0.7900677200902935,
    "f1_macro": 0.788693783594847,
    "f1_macro_all": 0.7886937835948468,
    "safe_samples": 56,
    "protected_breaks": 8,
    "protected_total": 218,
    "overlong": 0,
    "short": 9,
    "punctuation_starts": 2,
    "latency_median_s": null,
    "input_tokens": 0,
    "output_tokens": 0
  }
]
